// Jest Snapshot v1, https://goo.gl/fbAQLP

exports[`Render GenreQuestionScreen 1`] = `
<section
  className="game__screen"
>
  <h2
    className="game__title"
  >
    Выберите 
    rock
     треки
  </h2>
  <form
    className="game__tracks"
    onSubmit={[Function]}
  >
    <div
      className="track"
    >
      <div
        className="game__answer"
      >
        <input
          checked={false}
          className="game__input visually-hidden"
          id="answer-11"
          name="answer"
          onChange={[Function]}
          type="checkbox"
          value="answer-11"
        />
        <label
          className="game__check"
          htmlFor="answer-11"
        >
          Отметить
        </label>
      </div>
    </div>
    <div
      className="track"
    >
      <div
        className="game__answer"
      >
        <input
          checked={false}
          className="game__input visually-hidden"
          id="answer-33"
          name="answer"
          onChange={[Function]}
          type="checkbox"
          value="answer-33"
        />
        <label
          className="game__check"
          htmlFor="answer-33"
        >
          Отметить
        </label>
      </div>
    </div>
    <div
      className="track"
    >
      <div
        className="game__answer"
      >
        <input
          checked={false}
          className="game__input visually-hidden"
          id="answer-89"
          name="answer"
          onChange={[Function]}
          type="checkbox"
          value="answer-89"
        />
        <label
          className="game__check"
          htmlFor="answer-89"
        >
          Отметить
        </label>
      </div>
    </div>
    <div
      className="track"
    >
      <div
        className="game__answer"
      >
        <input
          checked={false}
          className="game__input visually-hidden"
          id="answer-12"
          name="answer"
          onChange={[Function]}
          type="checkbox"
          value="answer-12"
        />
        <label
          className="game__check"
          htmlFor="answer-12"
        >
          Отметить
        </label>
      </div>
    </div>
    <button
      className="game__submit button"
      type="submit"
    >
      Ответить
    </button>
  </form>
</section>
`;
